// Jest Snapshot v1, https://goo.gl/fbAQLP

exports[`AddPlantButton should render correctly 1`] = `
<button>
  Add A Plant
</button>
`;
