// Jest Snapshot v1, https://goo.gl/fbAQLP

exports[`App should render correctly 1`] = `
<div>
  <h1>
    Sprinklr
  </h1>
  <Menu
    handleAddPlantButtonClick={[Function]}
    handleOrderButtonClick={[Function]}
  />
  <PlantList
    handlePlantTileClick={[Function]}
    plants={Array []}
  />
</div>
`;
