// Jest Snapshot v1, https://goo.gl/fbAQLP

exports[`OrderButton should render correctly 1`] = `""`;
