// Jest Snapshot v1, https://goo.gl/fbAQLP

exports[`AddPlantModal should render correctly if visible 1`] = `
<div>
  <form
    onSubmit={[Function]}
  >
    Name: 
    <input
      data-test-id="plantName"
      name="name"
      type="text"
    />
    Image: 
    <input
      accept="image/*"
      data-test-id="plantImage"
      id="image_upload"
      name="image"
      type="file"
    />
    <button
      type="submit"
    >
      Add
    </button>
  </form>
</div>
`;
